total 2097240
drwxr-xr-x  20 root root       4096 Nov 28 00:21 .
drwxr-xr-x  20 root root       4096 Nov 28 00:21 ..
lrwxrwxrwx   1 root root          7 Nov 28 00:18 bin -> usr/bin
drwxr-xr-x   4 root root       4096 Nov 28 01:04 boot
drwxrwxr-x   2 root root       4096 Nov 28 00:21 cdrom
drwxr-xr-x  19 root root       4080 Nov 28 02:26 dev
drwxr-xr-x 130 root root      12288 Nov 28 02:37 etc
drwxr-xr-x   3 root root       4096 Nov 28 00:29 home
lrwxrwxrwx   1 root root          7 Nov 28 00:18 lib -> usr/lib
lrwxrwxrwx   1 root root          9 Nov 28 00:18 lib32 -> usr/lib32
lrwxrwxrwx   1 root root          9 Nov 28 00:18 lib64 -> usr/lib64
lrwxrwxrwx   1 root root         10 Nov 28 00:18 libx32 -> usr/libx32
drwx------   2 root root      16384 Nov 28 00:17 lost+found
drwxr-xr-x   2 root root       4096 Aug  9 07:48 media
drwxr-xr-x   2 root root       4096 Aug  9 07:48 mnt
drwxr-xr-x   2 root root       4096 Aug  9 07:48 opt
dr-xr-xr-x 433 root root          0 Nov 28 02:26 proc
drwx------   4 root root       4096 Nov 28 01:08 root
drwxr-xr-x  36 root root        960 Nov 28 02:31 run
lrwxrwxrwx   1 root root          8 Nov 28 00:18 sbin -> usr/sbin
drwxr-xr-x  11 root root       4096 Aug  9 07:55 snap
drwxr-xr-x   2 root root       4096 Aug  9 07:48 srv
-rw-------   1 root root 2147483648 Nov 28 00:17 swapfile
dr-xr-xr-x  13 root root          0 Nov 28 02:26 sys
drwxrwxrwt  20 root root       4096 Nov 28 02:47 tmp
drwxr-xr-x  14 root root       4096 Aug  9 07:48 usr
drwxr-xr-x  14 root root       4096 Aug  9 07:54 var
